// Jest Snapshot v1, https://goo.gl/fbAQLP

exports[`<App /> renders correctly 1`] = `
<Layout__ContentWrapper>
  <Layout__NormalPage>
    <App__Sidebar>
      <Connect(SendMessageForm) />
    </App__Sidebar>
    <App__Content>
      <Connect(MessageListContainer) />
    </App__Content>
  </Layout__NormalPage>
</Layout__ContentWrapper>
`;
